RAM Allocation [bytes]
Variable                                                                          Address   Size
------------------------------------------------------------------------------------------------
_seed                                                                             0x0160       4
_base_y                                                                           0x0164       4
_lcd_maxx                                                                         0x0168       1

EEPROM Allocation [bytes]
Variable                                                                          Address   Size
------------------------------------------------------------------------------------------------

Register Allocation
Variable                                                                          Register  Size
------------------------------------------------------------------------------------------------
hour                                                                              R5           1
minute                                                                            R4           1
second                                                                            R7           1
year                                                                              R6           1
month                                                                             R9           1
day                                                                               R8           1
dow                                                                               R11          1
set_k                                                                             R10          1
_lcd_x                                                                            R13          1
_lcd_y                                                                            R12          1

FLASH Allocation [words]
Function                                                                          Address   Size
------------------------------------------------------------------------------------------------
define_char                                                                       0x000AF     26
setting_key                                                                       0x000C9     80
down_dec                                                                          0x00119     59
up_inc                                                                            0x00154     71
jomeh                                                                             0x001AA     31
day_week                                                                          0x001C9     56
main                                                                              0x00201    124
put_buff_G100                                                                     0x0027D     64
_print_G100                                                                       0x002BD    308
sprintf                                                                           0x003F1     52
rtc_init                                                                          0x00425     25
rtc_get_time                                                                      0x0043E     25
rtc_set_time                                                                      0x00457     13
rtc_get_date                                                                      0x00464     27
rtc_set_date                                                                      0x0047F     17
_lcd_write_nibble_G103                                                            0x00490     20
_lcd_write_data                                                                   0x004A4     12
lcd_write_byte                                                                    0x004B0      8
lcd_gotoxy                                                                        0x004B8     13
lcd_clear                                                                         0x004C5     12
lcd_putchar                                                                       0x004D1     23
lcd_puts                                                                          0x004E8     15
lcd_putsf                                                                         0x004F7     19
lcd_init                                                                          0x0050A     47
strlen                                                                            0x00539     12
strlenf                                                                           0x00545     13
bcd2bin                                                                           0x00552     13
bin2bcd                                                                           0x0055F     10
